NestedTraversal/Nested/NestedApplication/NestedApplication.csproj
