NestedProjectReference/Application/Application.csproj
NestedProjectReference/ClassLibrary/ClassLibrary.csproj
