ReferenceOutputAssemblyFalse/Application/Application.csproj
ReferenceOutputAssemblyFalse/ClassLibrary/ClassLibrary.csproj
