NestedProjectReference2/Application/Application.csproj
NestedProjectReference2/ClassLibrary/ClassLibrary.csproj
NestedProjectReference2/ClassLibrary2/ClassLibrary2.csproj
