TwoCsProj/Application/Application.csproj
TwoCsProj/Zapplication/Zapplication.csproj
